

Microchip MPLAB XC8 Assembler V2.45 build 20230818022343 
                                                                                                           Mon Nov 06 18:28:40 2023


     1                           	processor	18F45K22
     2                           	pagewidth 132
     3                           	psect	const,global,reloc=2,class=CONST,delta=1,noexec
     4                           	psect	smallconst,global,reloc=2,class=SMALLCONST,delta=1,noexec
     5                           	psect	mediumconst,global,reloc=2,class=MEDIUMCONST,delta=1,noexec
     6                           	psect	rbss,global,class=COMRAM,space=1,delta=1,noexec
     7                           	psect	bss,global,class=RAM,space=1,delta=1,noexec
     8                           	psect	rdata,global,class=COMRAM,space=1,delta=1,noexec
     9                           	psect	irdata,global,reloc=2,class=CODE,delta=1,noexec
    10                           	psect	data,global,class=RAM,space=1,delta=1,noexec
    11                           	psect	idata,global,reloc=2,class=CODE,delta=1,noexec
    12                           	psect	nvrram,global,class=COMRAM,space=1,delta=1,noexec
    13                           	psect	nvbit,global,bit,class=COMRAM,space=1,delta=1,noexec
    14                           	psect	temp,global,ovrld,class=COMRAM,space=1,delta=1,noexec
    15                           	psect	struct,global,ovrld,class=COMRAM,space=1,delta=1,noexec
    16                           	psect	rbit,global,bit,class=COMRAM,space=1,delta=1,noexec
    17                           	psect	bigbss,global,class=BIGRAM,space=1,delta=1,noexec
    18                           	psect	bigdata,global,class=BIGRAM,space=1,delta=1,noexec
    19                           	psect	ibigdata,global,reloc=2,class=CODE,delta=1,noexec
    20                           	psect	farbss,global,reloc=2,class=FARRAM,delta=1,noexec
    21                           	psect	nvFARRAM,global,reloc=2,class=FARRAM,delta=1,noexec
    22                           	psect	fardata,global,reloc=2,class=FARRAM,delta=1,noexec
    23                           	psect	ifardata,global,reloc=2,class=CODE,delta=1,noexec
    24                           	psect	reset_vec,global,reloc=2,class=CODE,delta=1
    25                           	psect	powerup,global,reloc=2,class=CODE,delta=1
    26                           	psect	init,global,reloc=2,class=CODE,delta=1
    27                           	psect	text,global,reloc=2,class=CODE,delta=1
    28                           	psect	clrtext,global,reloc=2,class=CODE,delta=1
    29                           	psect	config,global,class=CONFIG,space=4,delta=1,noexec
    30                           	psect	idloc,global,class=IDLOC,space=5,delta=1,noexec
    31                           	psect	intcode,global,reloc=2,class=CODE,delta=1
    32                           	psect	intcode_body,global,reloc=2,class=CODE,delta=1
    33                           	psect	intcodelo,global,reloc=2,class=CODE,delta=1
    34                           	psect	intret,global,reloc=2,class=CODE,delta=1
    35                           	psect	intentry,global,reloc=2,class=CODE,delta=1
    36                           	psect	intsave_regs,global,class=BIGRAM,space=1,delta=1
    37                           	psect	eeprom_data,global,class=EEDATA,delta=1,noexec
    38                           	psect	ramtop,global,class=RAM,delta=1,noexec
    39                           	psect	stack,global,class=STACK,space=2,delta=1,noexec
    40                           	psect	heap,global,class=HEAP,space=7,delta=1,noexec
    41                           	psect	comram,global,class=COMRAM,space=1,delta=1
    42                           	psect	abs1,global,class=ABS1,space=1,delta=1
    43                           	psect	bigram,global,class=BIGRAM,space=1,delta=1
    44                           	psect	ram,global,class=RAM,space=1,delta=1
    45                           	psect	bank0,global,class=BANK0,space=1,delta=1
    46                           	psect	bank1,global,class=BANK1,space=1,delta=1
    47                           	psect	bank2,global,class=BANK2,space=1,delta=1
    48                           	psect	bank3,global,class=BANK3,space=1,delta=1
    49                           	psect	bank4,global,class=BANK4,space=1,delta=1
    50                           	psect	bank5,global,class=BANK5,space=1,delta=1
    51                           	psect	sfr,global,class=SFR,space=1,delta=1
    52                           	psect	bigsfr,global,class=BIGSFR,space=1,delta=1
    53                           
    54                           ; Microchip MPLAB XC8 C Compiler V2.45
    55                           ; Copyright (C) 2023 Microchip Technology Inc.
    56                           ; Auto-generated runtime startup code for final link stage.
    57                           ;
    58                           ; Compiler options:
    59                           ;
    60                           ; --chip=18F45K22 -ORelease.hex main.p1 GLCD.p1
    61                           ;
    62   000000                     
    63                           ; Generated 18/08/2023 GMT
    64                           ; 
    65                           ; Copyright © 2023, Microchip Technology Inc. and its subsidiaries ("Microchip")
    66                           ; All rights reserved.
    67                           ; 
    68                           ; This software is developed by Microchip Technology Inc. and its subsidiaries ("Microchip").
    69                           ; 
    70                           ; Redistribution and use in source and binary forms, with or without modification, are
    71                           ; permitted provided that the following conditions are met:
    72                           ; 
    73                           ;     1. Redistributions of source code must retain the above copyright notice, this list of
    74                           ;        conditions and the following disclaimer.
    75                           ; 
    76                           ;     2. Redistributions in binary form must reproduce the above copyright notice, this list
    77                           ;        of conditions and the following disclaimer in the documentation and/or other
    78                           ;        materials provided with the distribution. Publication is not required when
    79                           ;        this file is used in an embedded application.
    80                           ; 
    81                           ;     3. Microchip's name may not be used to endorse or promote products derived from this
    82                           ;        software without specific prior written permission.
    83                           ; 
    84                           ; THIS SOFTWARE IS PROVIDED BY MICROCHIP "AS IS" AND ANY EXPRESS OR IMPLIED WARRANTIES,
    85                           ; INCLUDING, BUT NOT LIMITED TO, THE IMPLIED WARRANTIES OF MERCHANTABILITY AND FITNESS FOR
    86                           ; PURPOSE ARE DISCLAIMED.  IN NO EVENT SHALL MICROCHIP BE LIABLE FOR ANY DIRECT, INDIRECT,
    87                           ; INCIDENTAL, SPECIAL, EXEMPLARY, OR CONSEQUENTIAL DAMAGES (INCLUDING BUT NOT LIMITED TO
    88                           ; PROCUREMENT OF SUBSTITUTE GOODS OR SERVICES; LOSS OF USE, DATA OR PROFITS; OR BUSINESS
    89                           ; INTERRUPTION) HOWSOEVER CAUSED AND ON ANY THEORY OF LIABILITY, WHETHER IN CONTRACT, STRICT
    90                           ; LIABILITY, OR TORT (INCLUDING NEGLIGENCE OR OTHERWISE) ARISING IN ANY WAY OUT OF THE USE OF
    91                           ; THIS SOFTWARE, EVEN IF ADVISED OF THE POSSIBILITY OF SUCH DAMAGE.
    92                           ; 
    93                           ; 
    94                           ; Code-generator required, PIC18F45K22 Definitions
    95                           ; 
    96                           ; SFR Addresses
    97   000000                     
    98                           	psect	smallconst
    99   000000                     __smallconst:
   100                           	callstack 0
   101                           
   102                           	psect	mediumconst
   103   00787A                     __mediumconst:
   104                           	callstack 0	; top of RAM usage
   105                           
   106                           	psect	reset_vec
   107   000000                     
   108                           ; No powerup routine
   109                           ; jump to start
   110   000000  EF5D  F001         	goto	start
   111   000000                     
   112                           ;Initialize the stack pointer (FSR1)
   113   000000                     
   114                           	psect	init
   115   0002BA                     start:
   116                           	callstack 0
   117   0002BA  EF84  F015         	goto	start_initialization	;jump to C runtime clear & initialization
   118                           
   119                           	psect	text
   120   000000                     intlevel0:
   121                           	callstack 0
   122   000000                     intlevel1:
   123                           	callstack 0
   124   000000                     intlevel2:
   125                           	callstack 0
   126   000000                     intlevel3:
   127                           	callstack 0
   128                           
   129                           	psect	ramtop
   130   000600                     __ramtop:
   131                           	callstack 0
   132                           
   133                           	psect	stack
   134   000000                     ___sp:
   135                           	callstack 0
   136   000000                     ___inthi_sp:
   137                           	callstack 0
   138   000000                     ___intlo_sp:
   139                           	callstack 0
   140   000000                     ___stack_lo:
   141                           	callstack 0
   142   000000                     ___stack_hi:
   143                           	callstack 0
   144   000000                     ___inthi_stack_lo:
   145                           	callstack 0
   146   000000                     ___inthi_stack_hi:
   147                           	callstack 0
   148   000000                     ___intlo_stack_lo:
   149                           	callstack 0
   150   000000                     ___intlo_stack_hi:
   151                           	callstack 0
   152                           
   153                           ; No heap to be allocated
   154                           
   155                           	psect	heap
   156   000000                     tosu	equ	0xFFF
   157                           tosh	equ	0xFFE
   158                           tosl	equ	0xFFD
   159                           stkptr	equ	0xFFC
   160                           pclatu	equ	0xFFB
   161                           pclath	equ	0xFFA
   162                           pcl	equ	0xFF9
   163                           tblptru	equ	0xFF8
   164                           tblptrh	equ	0xFF7
   165                           tblptrl	equ	0xFF6
   166                           tablat	equ	0xFF5
   167                           prodh	equ	0xFF4
   168                           prodl	equ	0xFF3
   169                           indf0	equ	0xFEF
   170                           postinc0	equ	0xFEE
   171                           postdec0	equ	0xFED
   172                           preinc0	equ	0xFEC
   173                           plusw0	equ	0xFEB
   174                           fsr0h	equ	0xFEA
   175                           fsr0l	equ	0xFE9
   176                           wreg	equ	0xFE8
   177                           indf1	equ	0xFE7
   178                           postinc1	equ	0xFE6
   179                           postdec1	equ	0xFE5
   180                           preinc1	equ	0xFE4
   181                           plusw1	equ	0xFE3
   182                           fsr1h	equ	0xFE2
   183                           fsr1l	equ	0xFE1
   184                           bsr	equ	0xFE0
   185                           indf2	equ	0xFDF
   186                           postinc2	equ	0xFDE
   187                           postdec2	equ	0xFDD
   188                           preinc2	equ	0xFDC
   189                           plusw2	equ	0xFDB
   190                           fsr2h	equ	0xFDA
   191                           fsr2l	equ	0xFD9
   192                           status	equ	0xFD8


Microchip Technology PIC18 Macro Assembler V2.45 build 20230818022343 
Symbol Table                                                                                               Mon Nov 06 18:28:40 2023

                __S1 04F5                 ___sp 0000                 _main 02BE                 start 02BA  
              __HRAM 0000                __LRAM 0001               isa$std 0001     ___inthi_stack_hi 0000  
   ___inthi_stack_lo 0000         __mediumconst 787A               stackhi 0000               stacklo 0000  
         __accesstop 0060           ___inthi_sp 0000           ___intlo_sp 0000           ___stack_hi 0000  
         ___stack_lo 0000     ___intlo_stack_hi 0000     ___intlo_stack_lo 0000              __ramtop 0600  
start_initialization 2B08            ___heap_hi 0000            ___heap_lo 0000          __smallconst 0000  
           isa$xinst 0000             intlevel0 0000             intlevel1 0000             intlevel2 0000  
           intlevel3 0000             reset_vec 0000  
